
Allocating common symbols
Common symbol       size              file

global_rules_shadow
                    0x630             obj/kern/libdwarf_frame.o
ismp                0x4               obj/kern/mpconfig.o
lapicaddr           0x8               obj/kern/lapic.o
ts                  0x68              obj/kern/trap.o
end_debug           0x8               obj/kern/init.o
mydebug             0x60              obj/kern/kdebug.o
map_region          0x8               obj/kern/e1000.o
panicstr            0x8               obj/kern/init.o
boot_cr3            0x8               obj/kern/pmap.o
mpentry_kstack      0x8               obj/kern/init.o
cpus                0x3c0             obj/kern/mpconfig.o
global_std_op       0x200             obj/kern/libdwarf_lineno.o
lapic               0x8               obj/kern/lapic.o
bootcpu             0x8               obj/kern/mpconfig.o
_cie                0x78              obj/kern/kdebug.o
global_rules        0x630             obj/kern/libdwarf_frame.o
boot_pml4e          0x8               obj/kern/pmap.o
ncpu                0x4               obj/kern/mpconfig.o
_fde                0x80              obj/kern/kdebug.o
npages              0x8               obj/kern/pmap.o
pages               0x8               obj/kern/pmap.o
percpu_kstacks      0x80000           obj/kern/mpconfig.o

Discarded input sections

 .note.GNU-stack
                0x0000000000000000        0x0 obj/kern/init.o
 .note.GNU-stack
                0x0000000000000000        0x0 obj/kern/console.o
 .note.GNU-stack
                0x0000000000000000        0x0 obj/kern/monitor.o
 .note.GNU-stack
                0x0000000000000000        0x0 obj/kern/pmap.o
 .note.GNU-stack
                0x0000000000000000        0x0 obj/kern/env.o
 .note.GNU-stack
                0x0000000000000000        0x0 obj/kern/kclock.o
 .note.GNU-stack
                0x0000000000000000        0x0 obj/kern/picirq.o
 .note.GNU-stack
                0x0000000000000000        0x0 obj/kern/printf.o
 .note.GNU-stack
                0x0000000000000000        0x0 obj/kern/trap.o
 .note.GNU-stack
                0x0000000000000000        0x0 obj/kern/sched.o
 .note.GNU-stack
                0x0000000000000000        0x0 obj/kern/syscall.o
 .note.GNU-stack
                0x0000000000000000        0x0 obj/kern/kdebug.o
 .note.GNU-stack
                0x0000000000000000        0x0 obj/kern/printfmt.o
 .note.GNU-stack
                0x0000000000000000        0x0 obj/kern/readline.o
 .note.GNU-stack
                0x0000000000000000        0x0 obj/kern/string.o
 .note.GNU-stack
                0x0000000000000000        0x0 obj/kern/libdwarf_rw.o
 .note.GNU-stack
                0x0000000000000000        0x0 obj/kern/libdwarf_frame.o
 .note.GNU-stack
                0x0000000000000000        0x0 obj/kern/libdwarf_lineno.o
 .note.GNU-stack
                0x0000000000000000        0x0 obj/kern/elf_rw.o
 .note.GNU-stack
                0x0000000000000000        0x0 obj/kern/mpconfig.o
 .note.GNU-stack
                0x0000000000000000        0x0 obj/kern/lapic.o
 .note.GNU-stack
                0x0000000000000000        0x0 obj/kern/spinlock.o
 .note.GNU-stack
                0x0000000000000000        0x0 obj/kern/e1000.o
 .note.GNU-stack
                0x0000000000000000        0x0 obj/kern/pci.o
 .note.GNU-stack
                0x0000000000000000        0x0 obj/kern/time.o

Memory Configuration

Name             Origin             Length             Attributes
*default*        0x0000000000000000 0xffffffffffffffff

Linker script and memory map

                0x0000000000100000                . = 0x100000

.bootstrap      0x0000000000100000     0x7004
 obj/kern/bootstrap.o(.text .data .bss)
 .text          0x0000000000100000      0x115 obj/kern/bootstrap.o
                0x0000000000100000                _head64
                0x00000000001000e5                jumpto_longmode
 *fill*         0x0000000000100115      0xeeb 
 .data          0x0000000000101000     0x6004 obj/kern/bootstrap.o
                0x0000000000102000                pml4phys
                0x0000000000107000                multiboot_info
 .bss           0x0000000000107004        0x0 obj/kern/bootstrap.o
                0x0000008004200000                . = 0x8004200000

.text           0x0000008004200000    0x1847d load address 0x0000000000200000
 *(EXCLUDE_FILE(obj/kern/bootstrap.o) .text .stub .text.* .gnu.linkonce.t.*)
 .text          0x0000008004200000       0x58 obj/kern/entry.o
                0x000000800420000c                entry
                0x000000000020000c                _start
 .text          0x0000008004200058      0x70a obj/kern/init.o
                0x0000008004200099                test_backtrace
                0x000000800420011d                i386_init
                0x0000008004200478                mp_main
                0x000000800420053e                _panic
                0x0000008004200675                _warn
 .text          0x0000008004200762      0xb58 obj/kern/console.o
                0x00000080042007f2                serial_intr
                0x0000008004201041                kbd_intr
                0x000000800420111b                cons_getc
                0x000000800420120f                cons_init
                0x0000008004201268                cputchar
                0x0000008004201286                getchar
                0x00000080042012a8                iscons
 .text          0x00000080042012ba      0x930 obj/kern/monitor.o
                0x00000080042012ba                mon_help
                0x0000008004201371                mon_kerninfo
                0x00000080042014ff                printArgList
                0x000000800420166b                mon_backtrace
                0x0000008004201b49                monitor
 .text          0x0000008004201bea     0x5b2a obj/kern/pmap.o
                0x0000008004202723                x64_vm_init
                0x0000008004202b97                page_init
                0x0000008004202f4e                page_alloc
                0x0000008004203013                insertAtBegining
                0x000000800420306a                page_free
                0x0000008004203102                page_decref
                0x0000008004203143                pml4e_walk
                0x0000008004203344                pdpe_walk
                0x0000008004203553                pgdir_walk
                0x00000080042037da                page_insert
                0x0000008004203937                page_lookup
                0x00000080042039d1                page_remove
                0x0000008004203a5f                tlb_invalidate
                0x0000008004203b30                mmio_map_region
                0x0000008004203c35                user_mem_check
                0x0000008004203d53                user_mem_assert
 .text          0x0000008004207714     0x134e obj/kern/env.o
                0x0000008004207879                envid2env
                0x00000080042079e6                env_init
                0x0000008004207ad7                env_init_percpu
                0x0000008004207c15                env_alloc
                0x0000008004207eae                load_icode
                0x00000080042080aa                env_create
                0x0000008004208147                env_free
                0x00000080042085d4                env_destroy
                0x00000080042086c6                env_pop_tf
                0x00000080042087a3                env_run
 .text          0x0000008004208a62       0x7c obj/kern/kclock.o
                0x0000008004208a62                mc146818_read
                0x0000008004208a9e                mc146818_write
 .text          0x0000008004208ade      0x273 obj/kern/picirq.o
                0x0000008004208ade                pic_init
                0x0000008004208c30                irq_setmask_8259A
                0x0000008004208d21                irq_eoi
 .text          0x0000008004208d51      0x165 obj/kern/printf.o
                0x0000008004208d7f                vcprintf
                0x0000008004208dde                cprintf
 .text          0x0000008004208eb6     0x3e10 obj/kern/trap.o
                0x0000008004208f56                trap_init
                0x000000800420b706                trap_init_percpu
                0x000000800420bde7                print_trapframe
                0x000000800420c0f8                print_regs
                0x000000800420c55c                trap
                0x000000800420c8c6                page_fault_handler
 .text          0x000000800420ccc6      0x1da obj/kern/trapentry.o
                0x000000800420ccc6                XTRPX_divzero
                0x000000800420ccd0                XTRPX_Debug
                0x000000800420ccda                XTRPX_NonMaskI
                0x000000800420cce4                XTRPX_Brkpt
                0x000000800420ccee                XTRPX_OFlow
                0x000000800420ccf8                XTRPX_Bound
                0x000000800420cd02                XTRPX_Illop
                0x000000800420cd0c                XTRPX_Device
                0x000000800420cd16                XTRPX_DblFlt
                0x000000800420cd1e                XTRPX_Tss
                0x000000800420cd26                XTRPX_Segnp
                0x000000800420cd2e                XTRPX_Stack
                0x000000800420cd36                XTRPX_Gpflt
                0x000000800420cd3e                XTRPX_Pgflt
                0x000000800420cd46                XTRPX_FpErr
                0x000000800420cd50                XTRPX_Align
                0x000000800420cd54                XTRPX_Mchk
                0x000000800420cd5a                XTRPX_SimdErr
                0x000000800420cd60                XTRPX_Syscall
                0x000000800420cd66                XTRPX_Default
                0x000000800420cd70                XTRPX_IRQ0
                0x000000800420cd76                XTRPX_IRQ1
                0x000000800420cd7c                XTRPX_IRQ2
                0x000000800420cd82                XTRPX_IRQ3
                0x000000800420cd88                XTRPX_IRQ4
                0x000000800420cd8e                XTRPX_IRQ5
                0x000000800420cd94                XTRPX_IRQ6
                0x000000800420cd9a                XTRPX_IRQ7
                0x000000800420cda0                XTRPX_IRQ8
                0x000000800420cda6                XTRPX_IRQ9
                0x000000800420cdac                XTRPX_IRQa
                0x000000800420cdb2                XTRPX_IRQb
                0x000000800420cdb8                XTRPX_IRQc
                0x000000800420cdbe                XTRPX_IRQd
                0x000000800420cdc4                XTRPX_IRQe
                0x000000800420cdca                XTRPX_IRQf
 .text          0x000000800420cea0      0x3f0 obj/kern/sched.o
                0x000000800420cee3                sched_yield
                0x000000800420d072                sched_halt
 .text          0x000000800420d290      0xcc7 obj/kern/syscall.o
                0x000000800420dd00                syscall
 .text          0x000000800420df57      0xc33 obj/kern/kdebug.o
                0x000000800420df57                list_func_die
                0x000000800420e6bd                debuginfo_rip
 .text          0x000000800420eb8a      0xa71 obj/kern/printfmt.o
                0x000000800420ee65                vprintfmt
                0x000000800420f37d                printfmt
                0x000000800420f47d                vsnprintf
                0x000000800420f51a                snprintf
 .text          0x000000800420f5fb      0x155 obj/kern/readline.o
                0x000000800420f5fb                readline
 .text          0x000000800420f750      0x7c5 obj/kern/string.o
                0x000000800420f750                strlen
                0x000000800420f77e                strnlen
                0x000000800420f7bc                strcpy
                0x000000800420f7ff                strcat
                0x000000800420f84e                strncpy
                0x000000800420f8ae                strlcpy
                0x000000800420f91e                strcmp
                0x000000800420f971                strncmp
                0x000000800420f9e2                strchr
                0x000000800420fa1e                strfind
                0x000000800420fa55                memset
                0x000000800420fae0                memmove
                0x000000800420fbf7                memcpy
                0x000000800420fc2b                memcmp
                0x000000800420fc9f                memfind
                0x000000800420fce8                strtol
                0x000000800420fe7a                strstr
 .text          0x000000800420ff15     0x1f4d obj/kern/libdwarf_rw.o
                0x000000800420ff15                _dwarf_read_lsb
                0x0000008004210041                _dwarf_decode_lsb
                0x0000008004210162                _dwarf_read_msb
                0x0000008004210314                _dwarf_decode_msb
                0x00000080042104c3                _dwarf_read_sleb128
                0x0000008004210567                _dwarf_read_uleb128
                0x00000080042105e6                _dwarf_decode_sleb128
                0x0000008004210678                _dwarf_decode_uleb128
                0x00000080042106e5                _dwarf_read_string
                0x0000008004210774                _dwarf_read_block
                0x00000080042107bd                _dwarf_elf_get_byte_order
                0x000000800421082b                _dwarf_elf_get_pointer_size
                0x0000008004210895                _dwarf_init
                0x0000008004210977                _get_next_cu
                0x0000008004210b12                print_cu
                0x0000008004210b49                _dwarf_abbrev_parse
                0x0000008004210dcc                _dwarf_abbrev_find
                0x0000008004210efd                _dwarf_attr_init
                0x000000800421158e                dwarf_search_die_within_cu
                0x0000008004211887                dwarf_offdie
                0x000000800421198a                _dwarf_attr_find
                0x0000008004211a1d                dwarf_siblingof
                0x0000008004211c61                dwarf_child
                0x0000008004211e05                _dwarf_find_section_enhanced
 .text          0x0000008004211e62     0x257f obj/kern/libdwarf_frame.o
                0x0000008004211e62                _dwarf_frame_params_init
                0x0000008004211ea2                dwarf_get_fde_at_pc
                0x0000008004211f74                _dwarf_frame_regtable_copy
                0x0000008004212f21                _dwarf_frame_get_internal_table
                0x00000080042131ae                dwarf_get_fde_info_for_all_regs
                0x0000008004214050                _dwarf_frame_interal_table_init
                0x0000008004214309                dwarf_set_frame_cfa_value
                0x0000008004214339                dwarf_init_eh_section
 .text          0x00000080042143e1      0xd4b obj/kern/libdwarf_lineno.o
                0x0000008004214a3d                _dwarf_lineno_init
                0x0000008004214fb1                dwarf_srclines
 .text          0x000000800421512c      0xd12 obj/kern/elf_rw.o
                0x000000800421512c                _dwarf_find_section
                0x00000080042151ac                find_debug_sections
                0x0000008004215475                read_section_headers
                0x0000008004215bb4                readseg
                0x0000008004215d18                waitdisk
                0x0000008004215d44                readsect
 *fill*         0x0000008004215e3e        0x2 
 .text          0x0000008004215e40       0xe7 obj/kern/mpentry.o
                0x0000008004215e40                mpentry_start
                0x0000008004215f26                mpentry_end
 .text          0x0000008004215f27      0x891 obj/kern/mpconfig.o
                0x00000080042163fd                mp_init
 .text          0x00000080042167b8      0x473 obj/kern/lapic.o
                0x00000080042167fa                lapic_init
                0x00000080042169f1                cpunum
                0x0000008004216a26                lapic_eoi
                0x0000008004216a61                lapic_startap
                0x0000008004216be4                lapic_ipi
 .text          0x0000008004216c2b      0x472 obj/kern/spinlock.o
                0x0000008004216d48                __spin_initlock
                0x0000008004216d7c                spin_lock
                0x0000008004216e53                spin_unlock
 .text          0x000000800421709d      0x843 obj/kern/e1000.o
                0x00000080042171e4                initializeTxDescriptors
                0x000000800421729d                initializeRxDescriptors
                0x00000080042172fc                pci_transmit_packet
                0x0000008004217494                pci_receive_packet
                0x0000008004217602                pci_func_attach_E1000
 .text          0x00000080042178e0      0xafa obj/kern/pci.o
                0x000000800421811d                pci_func_enable
                0x000000800421839e                pci_init
 .text          0x00000080042183da       0xa3 obj/kern/time.o
                0x00000080042183da                time_init
                0x00000080042183f0                time_tick
                0x0000008004218462                time_msec
                0x000000800421847d                PROVIDE (etext, .)

.iplt           0x0000008004218480        0x0 load address 0x0000000000218480
 .iplt          0x0000000000000000        0x0 obj/kern/bootstrap.o

.rodata         0x0000008004218480     0x2e8e load address 0x0000000000218480
 *(EXCLUDE_FILE(obj/kern/bootstrap.o) .rodata .rodata.* .gnu.linkonce.r.*)
 .rodata        0x0000008004218480      0x106 obj/kern/init.o
 .rodata        0x0000008004218586       0x29 obj/kern/console.o
 *fill*         0x00000080042185af        0x1 
 .rodata        0x00000080042185b0      0x291 obj/kern/monitor.o
 *fill*         0x0000008004218841        0x7 
 .rodata        0x0000008004218848      0xef4 obj/kern/pmap.o
 *fill*         0x000000800421973c        0x4 
 .rodata        0x0000008004219740       0xdd obj/kern/env.o
 .rodata        0x000000800421981d       0x1a obj/kern/picirq.o
 *fill*         0x0000008004219837        0x9 
 .rodata        0x0000008004219840      0x4e0 obj/kern/trap.o
 .rodata        0x0000008004219d20       0x61 obj/kern/sched.o
 *fill*         0x0000008004219d81        0x7 
 .rodata        0x0000008004219d88       0xc8 obj/kern/syscall.o
 *fill*         0x0000008004219e50       0x10 
 .rodata        0x0000008004219e60      0x378 obj/kern/kdebug.o
 *fill*         0x000000800421a1d8        0x8 
 .rodata        0x000000800421a1e0      0x4c8 obj/kern/printfmt.o
 .rodata        0x000000800421a6a8       0x13 obj/kern/readline.o
 *fill*         0x000000800421a6bb        0x5 
 .rodata        0x000000800421a6c0      0x1ab obj/kern/libdwarf_rw.o
 *fill*         0x000000800421a86b        0x5 
 .rodata        0x000000800421a870      0x1d8 obj/kern/libdwarf_frame.o
 .rodata        0x000000800421aa48       0xc3 obj/kern/libdwarf_lineno.o
 .rodata        0x000000800421ab0b       0xa4 obj/kern/elf_rw.o
 *fill*         0x000000800421abaf        0x1 
 .rodata        0x000000800421abb0      0x289 obj/kern/mpconfig.o
 *fill*         0x000000800421ae39        0x7 
 .rodata        0x000000800421ae40       0x30 obj/kern/lapic.o
 .rodata        0x000000800421ae70       0xf1 obj/kern/spinlock.o
 *fill*         0x000000800421af61        0x7 
 .rodata        0x000000800421af68       0xf3 obj/kern/e1000.o
 *fill*         0x000000800421b05b        0x5 
 .rodata        0x000000800421b060      0x287 obj/kern/pci.o
 .rodata        0x000000800421b2e7       0x27 obj/kern/time.o

.eh_frame       0x000000800421b310     0x1eb0 load address 0x000000000021b310
 .eh_frame      0x000000800421b310      0x118 obj/kern/init.o
                                        0x110 (size before relaxing)
 .eh_frame      0x000000800421b428      0x240 obj/kern/console.o
                                        0x258 (size before relaxing)
 .eh_frame      0x000000800421b668       0xc0 obj/kern/monitor.o
                                         0xd8 (size before relaxing)
 .eh_frame      0x000000800421b728      0x458 obj/kern/pmap.o
                                        0x468 (size before relaxing)
 .eh_frame      0x000000800421bb80      0x230 obj/kern/env.o
                                        0x240 (size before relaxing)
 .eh_frame      0x000000800421bdb0       0x40 obj/kern/kclock.o
                                         0x58 (size before relaxing)
 .eh_frame      0x000000800421bdf0       0x60 obj/kern/picirq.o
                                         0x78 (size before relaxing)
 .eh_frame      0x000000800421be50       0x60 obj/kern/printf.o
                                         0x78 (size before relaxing)
 .eh_frame      0x000000800421beb0      0x150 obj/kern/trap.o
                                        0x168 (size before relaxing)
 .eh_frame      0x000000800421c000       0x80 obj/kern/sched.o
                                         0x98 (size before relaxing)
 .eh_frame      0x000000800421c080      0x248 obj/kern/syscall.o
                                        0x258 (size before relaxing)
 .eh_frame      0x000000800421c2c8       0x48 obj/kern/kdebug.o
                                         0x60 (size before relaxing)
 .eh_frame      0x000000800421c310      0x118 obj/kern/printfmt.o
                                        0x128 (size before relaxing)
 .eh_frame      0x000000800421c428       0x20 obj/kern/readline.o
                                         0x38 (size before relaxing)
 .eh_frame      0x000000800421c448      0x220 obj/kern/string.o
                                        0x238 (size before relaxing)
 .eh_frame      0x000000800421c668      0x308 obj/kern/libdwarf_rw.o
                                        0x320 (size before relaxing)
 .eh_frame      0x000000800421c970      0x1d0 obj/kern/libdwarf_frame.o
                                        0x1e8 (size before relaxing)
 .eh_frame      0x000000800421cb40       0x98 obj/kern/libdwarf_lineno.o
                                         0xb0 (size before relaxing)
 .eh_frame      0x000000800421cbd8       0xc0 obj/kern/elf_rw.o
                                         0xd8 (size before relaxing)
 .eh_frame      0x000000800421cc98       0xa8 obj/kern/mpconfig.o
                                         0xc0 (size before relaxing)
 .eh_frame      0x000000800421cd40       0xe0 obj/kern/lapic.o
                                         0xf8 (size before relaxing)
 .eh_frame      0x000000800421ce20       0xe0 obj/kern/spinlock.o
                                         0xf0 (size before relaxing)
 .eh_frame      0x000000800421cf00      0x120 obj/kern/e1000.o
                                        0x138 (size before relaxing)
 .eh_frame      0x000000800421d020      0x140 obj/kern/pci.o
                                        0x158 (size before relaxing)
 .eh_frame      0x000000800421d160       0x60 obj/kern/time.o
                                         0x78 (size before relaxing)

.rela.dyn       0x000000800421d1c0        0x0 load address 0x000000000021d1c0
 .rela.iplt     0x0000000000000000        0x0 obj/kern/bootstrap.o
 .rela.text     0x0000000000000000        0x0 obj/kern/bootstrap.o
 .rela.data     0x0000000000000000        0x0 obj/kern/bootstrap.o
                0x000000800421e000                . = ALIGN (0x1000)

.data           0x000000800421e000   0x3eb892 load address 0x000000000021e000
 *(EXCLUDE_FILE(obj/kern/bootstrap.o) .data)
 .data          0x000000800421e000    0x10042 obj/kern/entry.o
                0x000000800421e000                bootstack
                0x000000800422e000                kernel_64
                0x000000800422e000                bootstacktop
                0x000000800422e038                gdtdesc_64
 .data          0x000000800422e042        0x0 obj/kern/init.o
 *fill*         0x000000800422e042       0x1e 
 .data          0x000000800422e060      0x520 obj/kern/console.o
 .data          0x000000800422e580       0x48 obj/kern/monitor.o
 .data          0x000000800422e5c8        0x8 obj/kern/pmap.o
 *fill*         0x000000800422e5d0       0x10 
 .data          0x000000800422e5e0       0xb2 obj/kern/env.o
                0x000000800422e5e0                gdt
                0x000000800422e688                gdt_pd
 .data          0x000000800422e692        0x0 obj/kern/kclock.o
 .data          0x000000800422e692        0x2 obj/kern/picirq.o
                0x000000800422e692                irq_mask_8259A
 .data          0x000000800422e694        0x0 obj/kern/printf.o
 .data          0x000000800422e694        0x0 obj/kern/trap.o
 .data          0x000000800422e694        0x0 obj/kern/trapentry.o
 .data          0x000000800422e694        0x0 obj/kern/sched.o
 .data          0x000000800422e694        0x0 obj/kern/syscall.o
 *fill*         0x000000800422e694        0x4 
 .data          0x000000800422e698       0x18 obj/kern/kdebug.o
                0x000000800422e698                fde
                0x000000800422e6a0                cie
                0x000000800422e6a8                dbg
 .data          0x000000800422e6b0        0x0 obj/kern/printfmt.o
 .data          0x000000800422e6b0        0x0 obj/kern/readline.o
 .data          0x000000800422e6b0        0x0 obj/kern/string.o
 .data          0x000000800422e6b0        0x0 obj/kern/libdwarf_rw.o
 *fill*         0x000000800422e6b0       0x10 
 .data          0x000000800422e6c0       0x20 obj/kern/libdwarf_frame.o
                0x000000800422e6c0                debug_frame_sec
 .data          0x000000800422e6e0        0x0 obj/kern/libdwarf_lineno.o
 .data          0x000000800422e6e0       0xa0 obj/kern/elf_rw.o
                0x000000800422e6e0                section_info
 .data          0x000000800422e780        0x0 obj/kern/mpentry.o
 .data          0x000000800422e780        0x0 obj/kern/mpconfig.o
 .data          0x000000800422e780        0x0 obj/kern/lapic.o
 .data          0x000000800422e780       0x68 obj/kern/spinlock.o
                0x000000800422e780                kernel_lock
 .data          0x000000800422e7e8        0xa obj/kern/e1000.o
                0x000000800422e7e8                arr
 *fill*         0x000000800422e7f2        0xe 
 .data          0x000000800422e800       0xb8 obj/kern/pci.o
                0x000000800422e820                pci_attach_class
                0x000000800422e840                pci_attach_vendor
 .data          0x000000800422e8b8        0x0 obj/kern/time.o
 .data          0x000000800422e8b8    0x15621 obj/user/hello
                0x000000800422e8b8                _binary_obj_user_hello_start
                0x0000008004243ed9                _binary_obj_user_hello_end
 .data          0x0000008004243ed9    0x151c8 obj/user/idle
                0x0000008004243ed9                _binary_obj_user_idle_start
                0x00000080042590a1                _binary_obj_user_idle_end
 .data          0x00000080042590a1    0x15651 obj/user/yield
                0x00000080042590a1                _binary_obj_user_yield_start
                0x000000800426e6f2                _binary_obj_user_yield_end
 .data          0x000000800426e6f2    0x15ae1 obj/user/dumbfork
                0x000000800426e6f2                _binary_obj_user_dumbfork_start
                0x00000080042841d3                _binary_obj_user_dumbfork_end
 .data          0x00000080042841d3    0x16f95 obj/user/stresssched
                0x00000080042841d3                _binary_obj_user_stresssched_start
                0x000000800429b168                _binary_obj_user_stresssched_end
 .data          0x000000800429b168    0x15d5b obj/user/faultdie
                0x000000800429b168                _binary_obj_user_faultdie_start
                0x00000080042b0ec3                _binary_obj_user_faultdie_end
 .data          0x00000080042b0ec3    0x17063 obj/user/faultregs
                0x00000080042b0ec3                _binary_obj_user_faultregs_start
                0x00000080042c7f26                _binary_obj_user_faultregs_end
 .data          0x00000080042c7f26    0x15d7d obj/user/faultalloc
                0x00000080042c7f26                _binary_obj_user_faultalloc_start
                0x00000080042ddca3                _binary_obj_user_faultalloc_end
 .data          0x00000080042ddca3    0x15d88 obj/user/faultallocbad
                0x00000080042ddca3                _binary_obj_user_faultallocbad_start
                0x00000080042f3a2b                _binary_obj_user_faultallocbad_end
 .data          0x00000080042f3a2b    0x15aa7 obj/user/faultnostack
                0x00000080042f3a2b                _binary_obj_user_faultnostack_start
                0x00000080043094d2                _binary_obj_user_faultnostack_end
 .data          0x00000080043094d2    0x151bb obj/user/faultbadhandler
                0x00000080043094d2                _binary_obj_user_faultbadhandler_start
                0x000000800431e68d                _binary_obj_user_faultbadhandler_end
 .data          0x000000800431e68d    0x151bc obj/user/faultevilhandler
                0x000000800431e68d                _binary_obj_user_faultevilhandler_start
                0x0000008004333849                _binary_obj_user_faultevilhandler_end
 .data          0x0000008004333849    0x16ba5 obj/user/forktree
                0x0000008004333849                _binary_obj_user_forktree_start
                0x000000800434a3ee                _binary_obj_user_forktree_end
 .data          0x000000800434a3ee    0x17efc obj/user/sendpage
                0x000000800434a3ee                _binary_obj_user_sendpage_start
                0x00000080043622ea                _binary_obj_user_sendpage_end
 .data          0x00000080043622ea    0x16a0e obj/user/spin
                0x00000080043622ea                _binary_obj_user_spin_start
                0x0000008004378cf8                _binary_obj_user_spin_end
 .data          0x0000008004378cf8    0x15684 obj/user/fairness
                0x0000008004378cf8                _binary_obj_user_fairness_start
                0x000000800438e37c                _binary_obj_user_fairness_end
 .data          0x000000800438e37c    0x16a4a obj/user/pingpong
                0x000000800438e37c                _binary_obj_user_pingpong_start
                0x00000080043a4dc6                _binary_obj_user_pingpong_end
 .data          0x00000080043a4dc6    0x16eb7 obj/user/pingpongs
                0x00000080043a4dc6                _binary_obj_user_pingpongs_start
                0x00000080043bbc7d                _binary_obj_user_pingpongs_end
 .data          0x00000080043bbc7d    0x16f72 obj/user/primes
                0x00000080043bbc7d                _binary_obj_user_primes_start
                0x00000080043d2bef                _binary_obj_user_primes_end
 .data          0x00000080043d2bef    0x16af6 obj/user/testfile
                0x00000080043d2bef                _binary_obj_user_testfile_start
                0x00000080043e96e5                _binary_obj_user_testfile_end
 .data          0x00000080043e96e5    0x1525d obj/user/writemotd
                0x00000080043e96e5                _binary_obj_user_writemotd_start
                0x00000080043fe942                _binary_obj_user_writemotd_end
 .data          0x00000080043fe942    0x17acc obj/user/spawnhello
                0x00000080043fe942                _binary_obj_user_spawnhello_start
                0x000000800441640e                _binary_obj_user_spawnhello_end
 .data          0x000000800441640e    0x176df obj/user/icode
                0x000000800441640e                _binary_obj_user_icode_start
                0x000000800442daed                _binary_obj_user_icode_end
 .data          0x000000800442daed    0x271cd obj/fs/fs
                0x000000800442daed                _binary_obj_fs_fs_start
                0x0000008004454cba                _binary_obj_fs_fs_end
 .data          0x0000008004454cba    0x153fa obj/user/testtime
                0x0000008004454cba                _binary_obj_user_testtime_start
                0x000000800446a0b4                _binary_obj_user_testtime_end
 .data          0x000000800446a0b4    0x185d2 obj/user/httpd
                0x000000800446a0b4                _binary_obj_user_httpd_start
                0x0000008004482686                _binary_obj_user_httpd_end
 .data          0x0000008004482686    0x16103 obj/user/echosrv
                0x0000008004482686                _binary_obj_user_echosrv_start
                0x0000008004498789                _binary_obj_user_echosrv_end
 .data          0x0000008004498789    0x1603a obj/user/echotest
                0x0000008004498789                _binary_obj_user_echotest_start
                0x00000080044ae7c3                _binary_obj_user_echotest_end
 .data          0x00000080044ae7c3    0x19499 obj/net/testoutput
                0x00000080044ae7c3                _binary_obj_net_testoutput_start
                0x00000080044c7c5c                _binary_obj_net_testoutput_end
 .data          0x00000080044c7c5c    0x1b0db obj/net/testinput
                0x00000080044c7c5c                _binary_obj_net_testinput_start
                0x00000080044e2d37                _binary_obj_net_testinput_end
 .data          0x00000080044e2d37    0x648b3 obj/net/ns
                0x00000080044e2d37                _binary_obj_net_ns_start
                0x00000080045475ea                _binary_obj_net_ns_end
 .data          0x00000080045475ea    0x1975e obj/user/testpteshare
                0x00000080045475ea                _binary_obj_user_testpteshare_start
                0x0000008004560d48                _binary_obj_user_testpteshare_end
 .data          0x0000008004560d48    0x1827c obj/user/testfdsharing
                0x0000008004560d48                _binary_obj_user_testfdsharing_start
                0x0000008004578fc4                _binary_obj_user_testfdsharing_end
 .data          0x0000008004578fc4    0x186a2 obj/user/testpipe
                0x0000008004578fc4                _binary_obj_user_testpipe_start
                0x0000008004591666                _binary_obj_user_testpipe_end
 .data          0x0000008004591666    0x18056 obj/user/testpiperace
                0x0000008004591666                _binary_obj_user_testpiperace_start
                0x00000080045a96bc                _binary_obj_user_testpiperace_end
 .data          0x00000080045a96bc    0x18027 obj/user/testpiperace2
                0x00000080045a96bc                _binary_obj_user_testpiperace2_start
                0x00000080045c16e3                _binary_obj_user_testpiperace2_end
 .data          0x00000080045c16e3    0x17bbe obj/user/primespipe
                0x00000080045c16e3                _binary_obj_user_primespipe_start
                0x00000080045d92a1                _binary_obj_user_primespipe_end
 .data          0x00000080045d92a1    0x15e16 obj/user/testkbd
                0x00000080045d92a1                _binary_obj_user_testkbd_start
                0x00000080045ef0b7                _binary_obj_user_testkbd_end
 .data          0x00000080045ef0b7    0x1a7db obj/user/testshell
                0x00000080045ef0b7                _binary_obj_user_testshell_start
                0x0000008004609892                _binary_obj_user_testshell_end
                0x0000008004609892                PROVIDE (edata, .)

.igot.plt       0x0000008004609898        0x0 load address 0x0000000000609898
 .igot.plt      0x0000000000000000        0x0 obj/kern/bootstrap.o

.bss            0x000000800460a000    0x86018 load address 0x000000000060a000
 *(EXCLUDE_FILE(obj/kern/bootstrap.o) .bss)
 .bss           0x000000800460a000        0x0 obj/kern/entry.o
 .bss           0x000000800460a000        0x0 obj/kern/init.o
 .bss           0x000000800460a000      0x22c obj/kern/console.o
 .bss           0x000000800460a22c        0x0 obj/kern/monitor.o
 *fill*         0x000000800460a22c        0x4 
 .bss           0x000000800460a230       0x20 obj/kern/pmap.o
 .bss           0x000000800460a250       0x10 obj/kern/env.o
                0x000000800460a250                envs
 .bss           0x000000800460a260        0x0 obj/kern/kclock.o
 .bss           0x000000800460a260        0x1 obj/kern/picirq.o
 .bss           0x000000800460a261        0x0 obj/kern/printf.o
 *fill*         0x000000800460a261       0x1f 
 .bss           0x000000800460a280     0x1018 obj/kern/trap.o
                0x000000800460a280                idt
                0x000000800460b280                idt_pd
 .bss           0x000000800460b298        0x0 obj/kern/trapentry.o
 .bss           0x000000800460b298        0x4 obj/kern/sched.o
 .bss           0x000000800460b29c        0x0 obj/kern/syscall.o
 *fill*         0x000000800460b29c        0x4 
 .bss           0x000000800460b2a0        0x8 obj/kern/kdebug.o
 .bss           0x000000800460b2a8        0x0 obj/kern/printfmt.o
 *fill*         0x000000800460b2a8       0x18 
 .bss           0x000000800460b2c0      0x400 obj/kern/readline.o
 .bss           0x000000800460b6c0        0x0 obj/kern/string.o
 .bss           0x000000800460b6c0        0x0 obj/kern/libdwarf_rw.o
 .bss           0x000000800460b6c0       0x68 obj/kern/libdwarf_frame.o
                0x000000800460b6c0                global_rt_table
                0x000000800460b700                global_rt_table_shadow
 .bss           0x000000800460b728        0x0 obj/kern/libdwarf_lineno.o
 .bss           0x000000800460b728        0x0 obj/kern/elf_rw.o
 .bss           0x000000800460b728        0x0 obj/kern/mpentry.o
 .bss           0x000000800460b728        0x0 obj/kern/mpconfig.o
 .bss           0x000000800460b728        0x0 obj/kern/lapic.o
 .bss           0x000000800460b728        0x0 obj/kern/spinlock.o
 *fill*         0x000000800460b728      0x8d8 
 .bss           0x000000800460c000     0x1410 obj/kern/e1000.o
                0x000000800460c000                txDescArr
                0x000000800460d000                rxDescArr
                0x000000800460d400                tx_desc_head
                0x000000800460d404                tx_desc_tail
                0x000000800460d408                rx_desc_head
                0x000000800460d40c                rx_desc_tail
 .bss           0x000000800460d410       0x20 obj/kern/pci.o
 .bss           0x000000800460d430        0x4 obj/kern/time.o
 *fill*         0x000000800460d434        0x4 
 COMMON         0x000000800460d438       0x18 obj/kern/init.o
                0x000000800460d438                end_debug
                0x000000800460d440                panicstr
                0x000000800460d448                mpentry_kstack
 COMMON         0x000000800460d450       0x20 obj/kern/pmap.o
                0x000000800460d450                boot_cr3
                0x000000800460d458                boot_pml4e
                0x000000800460d460                npages
                0x000000800460d468                pages
 *fill*         0x000000800460d470       0x10 
 COMMON         0x000000800460d480       0x68 obj/kern/trap.o
                0x000000800460d480                ts
 *fill*         0x000000800460d4e8       0x18 
 COMMON         0x000000800460d500      0x160 obj/kern/kdebug.o
                0x000000800460d500                mydebug
                0x000000800460d560                _cie
                0x000000800460d5e0                _fde
 COMMON         0x000000800460d660      0xc70 obj/kern/libdwarf_frame.o
                0x000000800460d660                global_rules_shadow
                0x000000800460dca0                global_rules
 *fill*         0x000000800460e2d0       0x10 
 COMMON         0x000000800460e2e0      0x200 obj/kern/libdwarf_lineno.o
                0x000000800460e2e0                global_std_op
 *fill*         0x000000800460e4e0      0xb20 
 COMMON         0x000000800460f000    0x81000 obj/kern/mpconfig.o
                0x000000800460f000                ismp
                0x000000800460f020                cpus
                0x000000800460f3e0                bootcpu
                0x000000800460f3e8                ncpu
                0x0000008004610000                percpu_kstacks
 COMMON         0x0000008004690000       0x10 obj/kern/lapic.o
                0x0000008004690000                lapicaddr
                0x0000008004690008                lapic
 COMMON         0x0000008004690010        0x8 obj/kern/e1000.o
                0x0000008004690010                map_region
                0x0000008004690018                PROVIDE (end, .)

.debug
 *(.debug)

.line
 *(.line)

.debug_srcinfo
 *(.debug_srcinfo)

.debug_sfnames
 *(.debug_sfnames)

.debug_aranges  0x0000000000000000      0x570
 *(.debug_aranges)
 .debug_aranges
                0x0000000000000000       0x30 obj/kern/bootstrap.o
 .debug_aranges
                0x0000000000000030       0x30 obj/kern/entry.o
 .debug_aranges
                0x0000000000000060       0x30 obj/kern/init.o
 .debug_aranges
                0x0000000000000090       0x30 obj/kern/console.o
 .debug_aranges
                0x00000000000000c0       0x30 obj/kern/monitor.o
 .debug_aranges
                0x00000000000000f0       0x30 obj/kern/pmap.o
 .debug_aranges
                0x0000000000000120       0x30 obj/kern/env.o
 .debug_aranges
                0x0000000000000150       0x30 obj/kern/kclock.o
 .debug_aranges
                0x0000000000000180       0x30 obj/kern/picirq.o
 .debug_aranges
                0x00000000000001b0       0x30 obj/kern/printf.o
 .debug_aranges
                0x00000000000001e0       0x30 obj/kern/trap.o
 .debug_aranges
                0x0000000000000210       0x30 obj/kern/trapentry.o
 .debug_aranges
                0x0000000000000240       0x30 obj/kern/sched.o
 .debug_aranges
                0x0000000000000270       0x30 obj/kern/syscall.o
 .debug_aranges
                0x00000000000002a0       0x30 obj/kern/kdebug.o
 .debug_aranges
                0x00000000000002d0       0x30 obj/kern/printfmt.o
 .debug_aranges
                0x0000000000000300       0x30 obj/kern/readline.o
 .debug_aranges
                0x0000000000000330       0x30 obj/kern/string.o
 .debug_aranges
                0x0000000000000360       0x30 obj/kern/libdwarf_rw.o
 .debug_aranges
                0x0000000000000390       0x30 obj/kern/libdwarf_frame.o
 .debug_aranges
                0x00000000000003c0       0x30 obj/kern/libdwarf_lineno.o
 .debug_aranges
                0x00000000000003f0       0x30 obj/kern/elf_rw.o
 .debug_aranges
                0x0000000000000420       0x30 obj/kern/mpentry.o
 .debug_aranges
                0x0000000000000450       0x30 obj/kern/mpconfig.o
 .debug_aranges
                0x0000000000000480       0x30 obj/kern/lapic.o
 .debug_aranges
                0x00000000000004b0       0x30 obj/kern/spinlock.o
 .debug_aranges
                0x00000000000004e0       0x30 obj/kern/e1000.o
 .debug_aranges
                0x0000000000000510       0x30 obj/kern/pci.o
 .debug_aranges
                0x0000000000000540       0x30 obj/kern/time.o

.debug_pubnames
 *(.debug_pubnames)

.debug_info     0x0000000000000000    0x10997
 *(.debug_info .gnu.linkonce.wi.*)
 .debug_info    0x0000000000000000       0x5e obj/kern/bootstrap.o
 .debug_info    0x000000000000005e       0x5a obj/kern/entry.o
 .debug_info    0x00000000000000b8      0xaa6 obj/kern/init.o
 .debug_info    0x0000000000000b5e      0xcb0 obj/kern/console.o
 .debug_info    0x000000000000180e      0x82b obj/kern/monitor.o
 .debug_info    0x0000000000002039     0x21f1 obj/kern/pmap.o
 .debug_info    0x000000000000422a     0x113e obj/kern/env.o
 .debug_info    0x0000000000005368      0x1ee obj/kern/kclock.o
 .debug_info    0x0000000000005556      0x483 obj/kern/picirq.o
 .debug_info    0x00000000000059d9      0x1ec obj/kern/printf.o
 .debug_info    0x0000000000005bc5      0xe22 obj/kern/trap.o
 .debug_info    0x00000000000069e7       0x5e obj/kern/trapentry.o
 .debug_info    0x0000000000006a45      0x7e9 obj/kern/sched.o
 .debug_info    0x000000000000722e      0xd25 obj/kern/syscall.o
 .debug_info    0x0000000000007f53     0x1484 obj/kern/kdebug.o
 .debug_info    0x00000000000093d7      0x5f5 obj/kern/printfmt.o
 .debug_info    0x00000000000099cc      0x169 obj/kern/readline.o
 .debug_info    0x0000000000009b35      0x6a6 obj/kern/string.o
 .debug_info    0x000000000000a1db     0x1425 obj/kern/libdwarf_rw.o
 .debug_info    0x000000000000b600     0x1094 obj/kern/libdwarf_frame.o
 .debug_info    0x000000000000c694      0xdf0 obj/kern/libdwarf_lineno.o
 .debug_info    0x000000000000d484      0x96b obj/kern/elf_rw.o
 .debug_info    0x000000000000ddef       0x5c obj/kern/mpentry.o
 .debug_info    0x000000000000de4b      0xbd6 obj/kern/mpconfig.o
 .debug_info    0x000000000000ea21      0x812 obj/kern/lapic.o
 .debug_info    0x000000000000f233      0x976 obj/kern/spinlock.o
 .debug_info    0x000000000000fba9      0x627 obj/kern/e1000.o
 .debug_info    0x00000000000101d0      0x718 obj/kern/pci.o
 .debug_info    0x00000000000108e8       0xaf obj/kern/time.o

.debug_abbrev   0x0000000000000000     0x2f36
 *(.debug_abbrev)
 .debug_abbrev  0x0000000000000000       0x14 obj/kern/bootstrap.o
 .debug_abbrev  0x0000000000000014       0x14 obj/kern/entry.o
 .debug_abbrev  0x0000000000000028      0x23f obj/kern/init.o
 .debug_abbrev  0x0000000000000267      0x2d5 obj/kern/console.o
 .debug_abbrev  0x000000000000053c      0x1a6 obj/kern/monitor.o
 .debug_abbrev  0x00000000000006e2      0x319 obj/kern/pmap.o
 .debug_abbrev  0x00000000000009fb      0x31c obj/kern/env.o
 .debug_abbrev  0x0000000000000d17      0x102 obj/kern/kclock.o
 .debug_abbrev  0x0000000000000e19       0xf0 obj/kern/picirq.o
 .debug_abbrev  0x0000000000000f09       0xef obj/kern/printf.o
 .debug_abbrev  0x0000000000000ff8      0x31c obj/kern/trap.o
 .debug_abbrev  0x0000000000001314       0x14 obj/kern/trapentry.o
 .debug_abbrev  0x0000000000001328      0x1c4 obj/kern/sched.o
 .debug_abbrev  0x00000000000014ec      0x22a obj/kern/syscall.o
 .debug_abbrev  0x0000000000001716      0x264 obj/kern/kdebug.o
 .debug_abbrev  0x000000000000197a      0x1e6 obj/kern/printfmt.o
 .debug_abbrev  0x0000000000001b60       0xab obj/kern/readline.o
 .debug_abbrev  0x0000000000001c0b      0x115 obj/kern/string.o
 .debug_abbrev  0x0000000000001d20      0x1f8 obj/kern/libdwarf_rw.o
 .debug_abbrev  0x0000000000001f18      0x22a obj/kern/libdwarf_frame.o
 .debug_abbrev  0x0000000000002142      0x223 obj/kern/libdwarf_lineno.o
 .debug_abbrev  0x0000000000002365      0x1e0 obj/kern/elf_rw.o
 .debug_abbrev  0x0000000000002545       0x14 obj/kern/mpentry.o
 .debug_abbrev  0x0000000000002559      0x22e obj/kern/mpconfig.o
 .debug_abbrev  0x0000000000002787      0x1d5 obj/kern/lapic.o
 .debug_abbrev  0x000000000000295c      0x23f obj/kern/spinlock.o
 .debug_abbrev  0x0000000000002b9b      0x16e obj/kern/e1000.o
 .debug_abbrev  0x0000000000002d09      0x1b5 obj/kern/pci.o
 .debug_abbrev  0x0000000000002ebe       0x78 obj/kern/time.o

.debug_line     0x0000000000000000     0x3d7b
 *(.debug_line)
 .debug_line    0x0000000000000000       0x99 obj/kern/bootstrap.o
 .debug_line    0x0000000000000099       0x51 obj/kern/entry.o
 .debug_line    0x00000000000000ea      0x199 obj/kern/init.o
 .debug_line    0x0000000000000283      0x2a5 obj/kern/console.o
 .debug_line    0x0000000000000528      0x1a8 obj/kern/monitor.o
 .debug_line    0x00000000000006d0      0xdab obj/kern/pmap.o
 .debug_line    0x000000000000147b      0x315 obj/kern/env.o
 .debug_line    0x0000000000001790       0x86 obj/kern/kclock.o
 .debug_line    0x0000000000001816       0xaa obj/kern/picirq.o
 .debug_line    0x00000000000018c0       0x7f obj/kern/printf.o
 .debug_line    0x000000000000193f      0x301 obj/kern/trap.o
 .debug_line    0x0000000000001c40       0x80 obj/kern/trapentry.o
 .debug_line    0x0000000000001cc0      0x15c obj/kern/sched.o
 .debug_line    0x0000000000001e1c      0x221 obj/kern/syscall.o
 .debug_line    0x000000000000203d      0x1d0 obj/kern/kdebug.o
 .debug_line    0x000000000000220d      0x282 obj/kern/printfmt.o
 .debug_line    0x000000000000248f       0x8c obj/kern/readline.o
 .debug_line    0x000000000000251b      0x1e8 obj/kern/string.o
 .debug_line    0x0000000000002703      0x45a obj/kern/libdwarf_rw.o
 .debug_line    0x0000000000002b5d      0x4f9 obj/kern/libdwarf_frame.o
 .debug_line    0x0000000000003056      0x206 obj/kern/libdwarf_lineno.o
 .debug_line    0x000000000000325c      0x229 obj/kern/elf_rw.o
 .debug_line    0x0000000000003485       0x74 obj/kern/mpentry.o
 .debug_line    0x00000000000034f9      0x1d0 obj/kern/mpconfig.o
 .debug_line    0x00000000000036c9      0x15e obj/kern/lapic.o
 .debug_line    0x0000000000003827      0x167 obj/kern/spinlock.o
 .debug_line    0x000000000000398e      0x1c0 obj/kern/e1000.o
 .debug_line    0x0000000000003b4e      0x1e0 obj/kern/pci.o
 .debug_line    0x0000000000003d2e       0x4d obj/kern/time.o

.debug_frame
 *(.debug_frame)

.debug_str      0x0000000000000000     0x2cc7
 *(.debug_str)
 .debug_str     0x0000000000000000      0x5ac obj/kern/init.o
                                        0x63b (size before relaxing)
 .debug_str     0x00000000000005ac      0x149 obj/kern/console.o
                                        0x2b6 (size before relaxing)
 .debug_str     0x00000000000006f5      0x170 obj/kern/monitor.o
                                        0x452 (size before relaxing)
 .debug_str     0x0000000000000865      0x5e4 obj/kern/pmap.o
                                        0xb24 (size before relaxing)
 .debug_str     0x0000000000000e49      0x2a1 obj/kern/env.o
                                        0x8ec (size before relaxing)
 .debug_str     0x00000000000010ea       0x31 obj/kern/kclock.o
                                        0x173 (size before relaxing)
 .debug_str     0x000000000000111b       0x35 obj/kern/picirq.o
                                        0x1a6 (size before relaxing)
 .debug_str     0x0000000000001150       0x17 obj/kern/printf.o
                                        0x1a8 (size before relaxing)
 .debug_str     0x0000000000001167      0x18e obj/kern/trap.o
                                        0x766 (size before relaxing)
 .debug_str     0x00000000000012f5       0x35 obj/kern/sched.o
                                        0x57a (size before relaxing)
 .debug_str     0x000000000000132a      0x265 obj/kern/syscall.o
                                        0x868 (size before relaxing)
 .debug_str     0x000000000000158f      0x905 obj/kern/kdebug.o
                                        0xf5b (size before relaxing)
 .debug_str     0x0000000000001e94       0x93 obj/kern/printfmt.o
                                        0x348 (size before relaxing)
 .debug_str     0x0000000000001f27       0x27 obj/kern/readline.o
                                        0x1e4 (size before relaxing)
 .debug_str     0x0000000000001f4e       0x9e obj/kern/string.o
                                        0x201 (size before relaxing)
 .debug_str     0x0000000000001fec      0x262 obj/kern/libdwarf_rw.o
                                        0xbf7 (size before relaxing)
 .debug_str     0x000000000000224e      0x2d2 obj/kern/libdwarf_frame.o
                                        0xb50 (size before relaxing)
 .debug_str     0x0000000000002520      0x1bd obj/kern/libdwarf_lineno.o
                                        0xb9e (size before relaxing)
 .debug_str     0x00000000000026dd      0x1b2 obj/kern/elf_rw.o
                                        0x45b (size before relaxing)
 .debug_str     0x000000000000288f       0xbe obj/kern/mpconfig.o
                                        0x5d0 (size before relaxing)
 .debug_str     0x000000000000294d       0x59 obj/kern/lapic.o
                                        0x525 (size before relaxing)
 .debug_str     0x00000000000029a6       0x4d obj/kern/spinlock.o
                                        0x5ef (size before relaxing)
 .debug_str     0x00000000000029f3      0x13a obj/kern/e1000.o
                                        0x33e (size before relaxing)
 .debug_str     0x0000000000002b2d      0x174 obj/kern/pci.o
                                        0x346 (size before relaxing)
 .debug_str     0x0000000000002ca1       0x26 obj/kern/time.o
                                        0x102 (size before relaxing)

.debug_loc      0x0000000000000000     0x58b4
 *(.debug_loc)
 .debug_loc     0x0000000000000000      0x2c4 obj/kern/init.o
 .debug_loc     0x00000000000002c4      0x6c0 obj/kern/console.o
 .debug_loc     0x0000000000000984      0x240 obj/kern/monitor.o
 .debug_loc     0x0000000000000bc4      0xc60 obj/kern/pmap.o
 .debug_loc     0x0000000000001824      0x638 obj/kern/env.o
 .debug_loc     0x0000000000001e5c       0xc0 obj/kern/kclock.o
 .debug_loc     0x0000000000001f1c      0x120 obj/kern/picirq.o
 .debug_loc     0x000000000000203c      0x120 obj/kern/printf.o
 .debug_loc     0x000000000000215c      0x3ac obj/kern/trap.o
 .debug_loc     0x0000000000002508      0x180 obj/kern/sched.o
 .debug_loc     0x0000000000002688      0x6ac obj/kern/syscall.o
 .debug_loc     0x0000000000002d34       0xc0 obj/kern/kdebug.o
 .debug_loc     0x0000000000002df4      0x300 obj/kern/printfmt.o
 .debug_loc     0x00000000000030f4       0x60 obj/kern/readline.o
 .debug_loc     0x0000000000003154      0x660 obj/kern/string.o
 .debug_loc     0x00000000000037b4      0x900 obj/kern/libdwarf_rw.o
 .debug_loc     0x00000000000040b4      0x540 obj/kern/libdwarf_frame.o
 .debug_loc     0x00000000000045f4      0x180 obj/kern/libdwarf_lineno.o
 .debug_loc     0x0000000000004774      0x240 obj/kern/elf_rw.o
 .debug_loc     0x00000000000049b4      0x1e0 obj/kern/mpconfig.o
 .debug_loc     0x0000000000004b94      0x2a0 obj/kern/lapic.o
 .debug_loc     0x0000000000004e34      0x240 obj/kern/spinlock.o
 .debug_loc     0x0000000000005074      0x360 obj/kern/e1000.o
 .debug_loc     0x00000000000053d4      0x3c0 obj/kern/pci.o
 .debug_loc     0x0000000000005794      0x120 obj/kern/time.o

.comment        0x0000000000000000       0x2b
 .comment       0x0000000000000000       0x2b obj/kern/init.o
                                         0x2c (size before relaxing)
 .comment       0x0000000000000000       0x2c obj/kern/console.o
 .comment       0x0000000000000000       0x2c obj/kern/monitor.o
 .comment       0x0000000000000000       0x2c obj/kern/pmap.o
 .comment       0x0000000000000000       0x2c obj/kern/env.o
 .comment       0x0000000000000000       0x2c obj/kern/kclock.o
 .comment       0x0000000000000000       0x2c obj/kern/picirq.o
 .comment       0x0000000000000000       0x2c obj/kern/printf.o
 .comment       0x0000000000000000       0x2c obj/kern/trap.o
 .comment       0x0000000000000000       0x2c obj/kern/sched.o
 .comment       0x0000000000000000       0x2c obj/kern/syscall.o
 .comment       0x0000000000000000       0x2c obj/kern/kdebug.o
 .comment       0x0000000000000000       0x2c obj/kern/printfmt.o
 .comment       0x0000000000000000       0x2c obj/kern/readline.o
 .comment       0x0000000000000000       0x2c obj/kern/string.o
 .comment       0x0000000000000000       0x2c obj/kern/libdwarf_rw.o
 .comment       0x0000000000000000       0x2c obj/kern/libdwarf_frame.o
 .comment       0x0000000000000000       0x2c obj/kern/libdwarf_lineno.o
 .comment       0x0000000000000000       0x2c obj/kern/elf_rw.o
 .comment       0x0000000000000000       0x2c obj/kern/mpconfig.o
 .comment       0x0000000000000000       0x2c obj/kern/lapic.o
 .comment       0x0000000000000000       0x2c obj/kern/spinlock.o
 .comment       0x0000000000000000       0x2c obj/kern/e1000.o
 .comment       0x0000000000000000       0x2c obj/kern/pci.o
 .comment       0x0000000000000000       0x2c obj/kern/time.o

.debug_macinfo
 *(.debug_macinfo)

.debug_weaknames
 *(.debug_weaknames)

.debug_funcnames
 *(.debug_funcnames)

.debug_typenames
 *(.debug_typenames)

.debug_varnames
 *(.debug_varnames)

/DISCARD/
 *(.note.GNU-stack)
LOAD obj/kern/entry.o
LOAD obj/kern/bootstrap.o
LOAD obj/kern/init.o
LOAD obj/kern/console.o
LOAD obj/kern/monitor.o
LOAD obj/kern/pmap.o
LOAD obj/kern/env.o
LOAD obj/kern/kclock.o
LOAD obj/kern/picirq.o
LOAD obj/kern/printf.o
LOAD obj/kern/trap.o
LOAD obj/kern/trapentry.o
LOAD obj/kern/sched.o
LOAD obj/kern/syscall.o
LOAD obj/kern/kdebug.o
LOAD obj/kern/printfmt.o
LOAD obj/kern/readline.o
LOAD obj/kern/string.o
LOAD obj/kern/libdwarf_rw.o
LOAD obj/kern/libdwarf_frame.o
LOAD obj/kern/libdwarf_lineno.o
LOAD obj/kern/elf_rw.o
LOAD obj/kern/mpentry.o
LOAD obj/kern/mpconfig.o
LOAD obj/kern/lapic.o
LOAD obj/kern/spinlock.o
LOAD obj/kern/e1000.o
LOAD obj/kern/pci.o
LOAD obj/kern/time.o
LOAD /usr/lib/gcc/x86_64-linux-gnu/4.8/libgcc.a
TARGET(binary)
LOAD obj/user/hello
LOAD obj/user/idle
LOAD obj/user/yield
LOAD obj/user/dumbfork
LOAD obj/user/stresssched
LOAD obj/user/faultdie
LOAD obj/user/faultregs
LOAD obj/user/faultalloc
LOAD obj/user/faultallocbad
LOAD obj/user/faultnostack
LOAD obj/user/faultbadhandler
LOAD obj/user/faultevilhandler
LOAD obj/user/forktree
LOAD obj/user/sendpage
LOAD obj/user/spin
LOAD obj/user/fairness
LOAD obj/user/pingpong
LOAD obj/user/pingpongs
LOAD obj/user/primes
LOAD obj/user/testfile
LOAD obj/user/writemotd
LOAD obj/user/spawnhello
LOAD obj/user/icode
LOAD obj/fs/fs
LOAD obj/user/testtime
LOAD obj/user/httpd
LOAD obj/user/echosrv
LOAD obj/user/echotest
LOAD obj/net/testoutput
LOAD obj/net/testinput
LOAD obj/net/ns
LOAD obj/user/testpteshare
LOAD obj/user/testfdsharing
LOAD obj/user/testpipe
LOAD obj/user/testpiperace
LOAD obj/user/testpiperace2
LOAD obj/user/primespipe
LOAD obj/user/testkbd
LOAD obj/user/testshell
OUTPUT(obj/kern/kernel elf64-x86-64)
